PC        Binary                             Instruction                             
00                                 wait                                    
00        1101000000110000                   MOV R0, SW_BASE                         
01        0110000000000000                   LDR R0, [R0]                            
02        0110000001000000                   LDR R2, [R0]                            
03        1101000100000000                   MOV R1, #0                              
04        1010101000000001                   CMP R2, R1                              
05        0010001000000001                   BNE main                                
06        0010000011111001                   B wait                                  
07                                 main                                    
07        1100000000000010                   MOV R0, R2                              
08        1101000101000110                   MOV R1, #70                             
09        1101001000000001                   MOV R2, #1                              
0a        1101001100000011                   MOV R3, #3                              
0b        1101010000000101                   MOV R4, #5                              
0c        0101111100010010                   BL set_array                            
0d        1101011000100100                   MOV R6, #36                             
0e        0101011111000000                   BLX R6                                  
0f        1101000100110001                   MOV R1, LEDR_BASE                       
10        0110000100100000                   LDR R1, [R1]                            
11        1000000110100000                   STR R5, [R1]                            
12        1101011000011000                   MOV R6, #24                             
13        0101011111000000                   BLX R6                                  
14        1101000100110001                   MOV R1, LEDR_BASE                       
15        0110000100100000                   LDR R1, [R1]                            
16        1000000110100000                   STR R5, [R1]                            
17        1110000000000000                   HALT                                    
18                                 new_count                               
18        1101000000110000                   MOV R0, SW_BASE                         
19        0110000000000000                   LDR R0, [R0]                            
1a        0110000010000000                   LDR R4, [R0]                            
1b        1101000100000100                   MOV R1, #4                              
1c        1010100100000100                   CMP R1, R4                              
1d        0010001111111010                   BLT new_count                           
1e        0010000000000110                   B virtual_func_add_array                
1f                                 set_array                               
1f        1000000100000000                   STR R0, [R1]                            
20        1000000101000001                   STR R2, [R1,#1]                         
21        1000000101100010                   STR R3, [R1,#2]                         
22        1000000110000011                   STR R4, [R1,#3]                         
23        0100000011100000                   BX R7                                   
24                                 default                                 
24        1101010000000100                   MOV R4, #4                              
25                                 virtual_func_add_array                  
25        1101000101000110                   MOV R1, #70                             
26        1101001100000000                   MOV R3, #0                              
27        1101011000000001                   MOV R6, #1                              
28        1101010100000000                   MOV R5, #0                              
29                                 loop                                    
29        0110000101000000                   LDR R2, [R1]                            
2a        1010010110100010                   ADD R5,R5,R2                            
2b        1010000100100110                   ADD R1,R1,R6                            
2c        1010001101100110                   ADD R3,R3,R6                            
2d        1010101100000100                   CMP R3, R4                              
2e        0010001111111010                   BLT loop                                
2f        0100000011100000                   BX R7                                   
