PC        Binary                             Instruction                             
00        1101000000000100                   MOV R0, #4                              
01        1101000100000101                   MOV R1, #5                              
02        1101001000000110                   MOV R2, #6                              
03        1101001100000100                   MOV R3, #4                              
04        1101010000001010                   MOV R4, #10                             
05        0010000000000001                   B BRANCH1                               
06        1110000000000000                   HALT                                    
07                                 BRANCH1                                 
07        1010100000000001                   CMP R0, R1                              
08        0010001100000001                   BLT BRANCH2                             
09        1110000000000000                   HALT                                    
0a                                 BRANCH2                                 
0a        1010110000000010                   CMP R4, R2                              
0b        0010001000000001                   BNE BRANCH3                             
0c        1110000000000000                   HALT                                    
0d                                 BRANCH3                                 
0d        1010100000000011                   CMP R0, R3                              
0e        0010000100000001                   BEQ BRANCH4                             
0f        1110000000000000                   HALT                                    
10                                 BRANCH4                                 
10        1010100000000100                   CMP R0,R4                               
11        0010010000000001                   BLE BRANCH5                             
12        1110000000000000                   HALT                                    
13                                 BRANCH5                                 
13        1010100000000011                   CMP R0,R3                               
14        0010010000000001                   BLE BRANCH6                             
15        1110000000000000                   HALT                                    
16                                 BRANCH6                                 
16        1010110000000011                   CMP R4,R3                               
17        0010010000000010                   BLE FAIL                                
18        1010000010100010                   ADD R5,R0,R2                            
19        1110000000000000                   HALT                                    
1a                                 FAIL                                    
1a        1110000000000000                   HALT                                    
