PC        Binary                             Instruction                             
00        1101011000011000                       MOV R6,stack_begin                  
01        0110011011000000                       LDR R6,[R6]                         
02        1101010000011001                       MOV R4, result                      
03        1101001100000000                       MOV R3,#0                           
04        1000010001100000                       STR R3,[R4]                         
05        1101000000000001                       MOV R0,#1                           
06        1101000100000101                       MOV R1,#5                           
07        1101001000001001                       MOV R2,#9                           
08        1101001100010100                       MOV R3,#20                          
09        0101111100000010                       BL  leaf_example                    
0a        1000010000000000                       STR R0,[R4]                         
0b        1110000000000000                       HALT                                
0c                                 leaf_example                            
0c        1000011010000000                       STR R4,[R6]                         
0d        1000011010111111                       STR R5,[R6,#-1]                     
0e        1010000010000001                       ADD R4,R0,R1      // R4 = g + h     
0f        1010001010100011                       ADD R5,R2,R3      // R5 = i + j     
10        1011100010100101                       MVN R5,R5         // R5 = ~(i + j)  
11        1010010010000101                       ADD R4,R4,R5      // R4 = (g + h) + ~(i + j)
12        1101010100000001                       MOV R5,#1                           
13        1010010010000101                       ADD R4,R4,R5      // R4 = (g + h) - (i + j)
14        1100000000000100                       MOV R0,R4         // R0 = return value (g + h) - (i + j) 
15        0110011010111111                       LDR R5,[R6,#-1]                     
16        0110011010000000                       LDR R4,[R6]                         
17        0100000011100000                       BX  R7                              
